theme.ts(12,36): error TS2345: Argument of type 'SystemContext' is not assignable to parameter of type 'SystemConfig'.
  Types of property 'layers' are incompatible.
    Type 'Layers' is missing the following properties from type 'Record<CascadeLayer, string>': base, reset, tokens, recipes
